[episode_01] serving gen_pending …
[episode_02] serving gen_pending …
  episode_01: iter 0: cost -4.48 (best -4.48, 0 repairs)
  episode_02: iter 0: cost 3.25 (best 3.25, 0 repairs)
  PENDING 2 :: episode_01:meta_pending episode_02:meta_pending
  DONE 0/2
[episode_01] serving meta_pending …
[episode_02] serving meta_pending …
  episode_01: iter 1: meta -> refine instruction (4310 chars)
  episode_02: iter 1: meta -> refine instruction (2369 chars)
  PENDING 2 :: episode_01:gen_pending episode_02:gen_pending
  DONE 0/2
[episode_01] serving gen_pending …
[episode_02] serving gen_pending …
  episode_01: iter 1: cost 1.74 (best -4.48, 0 repairs)
  episode_02: iter 1: cost 10.64 (best 3.25, 0 repairs)
  PENDING 2 :: episode_01:meta_pending episode_02:meta_pending
  DONE 0/2
[episode_01] serving meta_pending …
[episode_02] serving meta_pending …
  episode_01: iter 2: meta -> explore instruction (11494 chars)
  episode_02: iter 2: meta -> explore instruction (11690 chars)
  PENDING 2 :: episode_01:gen_pending episode_02:gen_pending
  DONE 0/2
[episode_01] serving gen_pending …
[episode_02] serving gen_pending …
  episode_01: iter 2: cost 4.53 (best -4.48, 0 repairs)
  episode_02: iter 2: cost 10.32 (best 3.25, 0 repairs)
  PENDING 2 :: episode_01:meta_pending episode_02:meta_pending
  DONE 0/2
[episode_01] serving meta_pending …
[episode_02] serving meta_pending …
  episode_01: iter 3: meta -> explore instruction (13825 chars)
  episode_02: iter 3: meta -> explore instruction (14208 chars)
  PENDING 2 :: episode_01:gen_pending episode_02:gen_pending
  DONE 0/2
[episode_01] serving gen_pending …
[episode_02] serving gen_pending …
  episode_01: iter 3: cost -4.27 (best -4.48, 0 repairs)
  episode_02: iter 3: cost -1.32 (best -1.32, 0 repairs)
  PENDING 2 :: episode_01:meta_pending episode_02:meta_pending
  DONE 0/2
[episode_01] serving meta_pending …
[episode_02] serving meta_pending …
  episode_01: iter 4: meta -> explore instruction (14888 chars)
  episode_02: iter 4: meta -> refine instruction (3241 chars)
  PENDING 2 :: episode_01:gen_pending episode_02:gen_pending
  DONE 0/2
[episode_01] serving gen_pending …
[episode_02] serving gen_pending …
  episode_01: iter 4: eval error -> repair attempt 1
  episode_02: iter 4: cost -4.57 (best -4.57, 0 repairs)
  PENDING 2 :: episode_01:repair_pending episode_02:meta_pending
  DONE 0/2
[episode_01] serving repair_pending …
[episode_02] serving meta_pending …
  episode_01: iter 4: eval error -> repair attempt 2
  episode_02: iter 5: meta -> refine instruction (3904 chars)
  PENDING 2 :: episode_01:repair_pending episode_02:gen_pending
  DONE 0/2
[episode_01] serving repair_pending …
[episode_02] serving gen_pending …
  episode_01: iter 4: eval error -> repair attempt 3
  episode_02: iter 5: cost -4.12 (best -4.57, 0 repairs)
  PENDING 1 :: episode_01:repair_pending
  DONE 1/2
[episode_01] serving repair_pending …
  episode_01: iter 4: eval error -> repair attempt 4
  PENDING 1 :: episode_01:repair_pending
  DONE 1/2
[episode_01] serving repair_pending …
  episode_01: iter 4: 5 repairs failed -> restart 1
  PENDING 1 :: episode_01:gen_pending
  DONE 1/2
[episode_01] serving gen_pending …
  episode_01: iter 4: cost 10.64 (best -4.48, 0 repairs)
  PENDING 1 :: episode_01:meta_pending
  DONE 1/2
[episode_01] serving meta_pending …
  episode_01: iter 5: meta -> explore instruction (13160 chars)
  PENDING 1 :: episode_01:gen_pending
  DONE 1/2
[episode_01] serving gen_pending …
  episode_01: iter 5: cost 42.91 (best -4.48, 0 repairs)
  PENDING 0 :: 
  DONE 2/2
all episodes complete
