[episode_01] serving gen_pending …
[episode_02] serving gen_pending …
[episode_03] serving gen_pending …
  episode_01: iter 0: syscost $14,525,027 (best $14,525,027, LP $12,019,506)
  episode_02: iter 0: syscost $14,552,092 (best $14,552,092, LP $12,019,506)
  episode_03: iter 0: syscost $14,577,438 (best $14,577,438, LP $12,019,506)
  PENDING 3 :: episode_01:meta_pending episode_02:meta_pending episode_03:meta_pending
  DONE 0/3
[episode_01] serving meta_pending …
[episode_02] serving meta_pending …
[episode_03] serving meta_pending …
  episode_01: iter 1: meta -> refine (4198 chars)
  episode_02: iter 1: meta -> refine (7851 chars)
  episode_03: iter 1: meta -> refine (4063 chars)
  PENDING 3 :: episode_01:gen_pending episode_02:gen_pending episode_03:gen_pending
  DONE 0/3
[episode_01] serving gen_pending …
[episode_02] serving gen_pending …
[episode_03] serving gen_pending …
  episode_01: iter 1: syscost $14,613,893 (best $14,525,027, LP $12,019,506)
  episode_02: iter 1: syscost $14,530,826 (best $14,530,826, LP $12,019,506)
  episode_03: iter 1: syscost $14,563,723 (best $14,563,723, LP $12,019,506)
  PENDING 3 :: episode_01:meta_pending episode_02:meta_pending episode_03:meta_pending
  DONE 0/3
[episode_01] serving meta_pending …
[episode_02] serving meta_pending …
[episode_03] serving meta_pending …
  episode_01: iter 2: meta -> explore (14617 chars)
  episode_02: iter 2: meta -> refine (3281 chars)
  episode_03: iter 2: meta -> refine (4595 chars)
  PENDING 3 :: episode_01:gen_pending episode_02:gen_pending episode_03:gen_pending
  DONE 0/3
[episode_01] serving gen_pending …
[episode_02] serving gen_pending …
[episode_03] serving gen_pending …
  episode_01: iter 2: syscost $14,895,941 (best $14,525,027, LP $12,019,506)
  episode_02: iter 2: syscost $14,388,635 (best $14,388,635, LP $12,019,506)
  episode_03: iter 2: syscost $14,855,065 (best $14,563,723, LP $12,019,506)
  PENDING 3 :: episode_01:meta_pending episode_02:meta_pending episode_03:meta_pending
  DONE 0/3
[episode_01] serving meta_pending …
[episode_02] serving meta_pending …
[episode_03] serving meta_pending …
  episode_01: iter 3: meta -> explore (14063 chars)
  episode_02: iter 3: meta -> refine (3758 chars)
  episode_03: iter 3: meta -> explore (11762 chars)
  PENDING 3 :: episode_01:gen_pending episode_02:gen_pending episode_03:gen_pending
  DONE 0/3
[episode_01] serving gen_pending …
[episode_02] serving gen_pending …
[episode_03] serving gen_pending …
  episode_01: iter 3: syscost $14,898,846 (best $14,525,027, LP $12,019,506)
  episode_02: iter 3: syscost $14,037,791 (best $14,037,791, LP $12,019,506)
  episode_03: iter 3: syscost $13,987,538 (best $13,987,538, LP $12,019,506)
  PENDING 3 :: episode_01:meta_pending episode_02:meta_pending episode_03:meta_pending
  DONE 0/3
[episode_01] serving meta_pending …
[episode_02] serving meta_pending …
[episode_03] serving meta_pending …
  episode_01: iter 4: meta -> explore (14528 chars)
  episode_02: iter 4: meta -> refine (4271 chars)
  episode_03: iter 4: meta -> refine (7217 chars)
  PENDING 3 :: episode_01:gen_pending episode_02:gen_pending episode_03:gen_pending
  DONE 0/3
[episode_01] serving gen_pending …
[episode_02] serving gen_pending …
[episode_03] serving gen_pending …
  episode_01: iter 4: eval error -> repair 1
  episode_02: iter 4: syscost $14,666,864 (best $14,037,791, LP $12,019,506)
  episode_03: iter 4: eval error -> repair 1
  PENDING 3 :: episode_01:repair_pending episode_02:meta_pending episode_03:repair_pending
  DONE 0/3
[episode_01] serving repair_pending …
[episode_02] serving meta_pending …
[episode_03] serving repair_pending …
  episode_01: iter 4: eval error -> repair 2
  episode_02: iter 5: meta -> explore (12979 chars)
  episode_03: iter 4: syscost $14,547,587 (best $13,987,538, LP $12,019,506)
  PENDING 3 :: episode_01:repair_pending episode_02:gen_pending episode_03:meta_pending
  DONE 0/3
[episode_01] serving repair_pending …
[episode_02] serving gen_pending …
[episode_03] serving meta_pending …
  episode_01: iter 4: eval error -> repair 3
  episode_02: iter 5: syscost $14,308,074 (best $14,037,791, LP $12,019,506)
  episode_03: iter 5: meta -> explore (13712 chars)
  PENDING 2 :: episode_01:repair_pending episode_03:gen_pending
  DONE 1/3
[episode_01] serving repair_pending …
[episode_03] serving gen_pending …
  episode_01: iter 4: eval error -> repair 4
  episode_03: iter 5: eval error -> repair 1
  PENDING 2 :: episode_01:repair_pending episode_03:repair_pending
  DONE 1/3
[episode_01] serving repair_pending …
[episode_03] serving repair_pending …
  episode_01: iter 4: 5 repairs failed -> restart 1
  episode_03: iter 5: syscost $15,400,776 (best $13,987,538, LP $12,019,506)
  PENDING 1 :: episode_01:gen_pending
  DONE 2/3
[episode_01] serving gen_pending …
  episode_01: iter 4: eval error -> repair 1
  PENDING 1 :: episode_01:repair_pending
  DONE 2/3
[episode_01] serving repair_pending …
  episode_01: iter 4: eval error -> repair 2
  PENDING 1 :: episode_01:repair_pending
  DONE 2/3
[episode_01] serving repair_pending …
  episode_01: iter 4: eval error -> repair 3
  PENDING 1 :: episode_01:repair_pending
  DONE 2/3
[episode_01] serving repair_pending …
  episode_01: iter 4: eval error -> repair 4
  PENDING 1 :: episode_01:repair_pending
  DONE 2/3
[episode_01] serving repair_pending …
  episode_01: iter 4: 5 repairs failed -> restart 2
  PENDING 1 :: episode_01:gen_pending
  DONE 2/3
[episode_01] serving gen_pending …
  episode_01: iter 4: eval error -> repair 1
  PENDING 1 :: episode_01:repair_pending
  DONE 2/3
[episode_01] serving repair_pending …
  episode_01: iter 4: eval error -> repair 2
  PENDING 1 :: episode_01:repair_pending
  DONE 2/3
[episode_01] serving repair_pending …
